// Vitest Snapshot v1, https://vitest.dev/guide/snapshot.html

exports[`format utilities > produces stable formatted dates > formatDate 1`] = `
{
  "dateInstance": "Jul 1, 2024",
  "invalid": "",
  "iso": "May 1, 2024",
}
`;

exports[`format utilities > produces stable formatted money strings > formatMoney 1`] = `
{
  "eur": "â‚¬45.99",
  "invalidAmount": "",
  "invalidCurrency": "",
  "noMinorUnits": "$129.00",
  "usd": "$129.00",
}
`;
