// Vitest Snapshot v1, https://vitest.dev/guide/snapshot.html

exports[`Context templates > CardView > renders header and supporting content when provided 1`] = `"<div class="rounded-xl border border-slate-200 bg-white p-6 shadow-sm transition-shadow dark:border-slate-800 dark:bg-slate-950 shadow-lg shadow-slate-200/50 dark:shadow-none flex flex-col gap-4" data-view="card" data-view-profile="card" data-view-has-globalnavigation="false" data-view-has-pageheader="true" data-view-has-breadcrumbs="false" data-view-has-viewtoolbar="false" data-view-has-main="true" data-view-has-contextpanel="true"><header data-region="pageHeader"><header>Card Header</header></header><main data-region="main" data-region-required="true"><section>Card Body</section></main><aside data-region="contextPanel" aria-label="Supporting context"><aside>Annotations</aside></aside></div>"`;

exports[`Context templates > CardView > renders required slots when regions are empty 1`] = `"<div class="rounded-xl border border-slate-200 bg-white p-6 shadow-sm transition-shadow dark:border-slate-800 dark:bg-slate-950 shadow-lg shadow-slate-200/50 dark:shadow-none flex flex-col gap-4" data-view="card" data-view-profile="card" data-view-has-globalnavigation="false" data-view-has-pageheader="false" data-view-has-breadcrumbs="false" data-view-has-viewtoolbar="false" data-view-has-main="false" data-view-has-contextpanel="false"><main data-region="main" data-region-required="true"></main></div>"`;

exports[`Context templates > DetailView > renders populated slots alongside context panel 1`] = `"<div data-view="detail" data-view-profile="detail" data-view-has-globalnavigation="true" data-view-has-pageheader="true" data-view-has-breadcrumbs="true" data-view-has-viewtoolbar="true" data-view-has-main="true" data-view-has-contextpanel="true"><nav data-region="globalNavigation" aria-label="Global navigation"><div>Shell</div></nav><div data-region-group="detail-body"><nav data-region="breadcrumbs" aria-label="Breadcrumbs"><nav>Trail</nav></nav><header data-region="pageHeader" data-region-required="true"><header>Detail Header</header></header><div data-region="viewToolbar" role="toolbar"><div>Actions</div></div><div data-region-group="detail-content"><main data-region="main" data-region-required="true"><section>Details</section></main><aside data-region="contextPanel" aria-label="Context panel"><aside>Timeline</aside></aside></div></div></div>"`;

exports[`Context templates > DetailView > renders required slots when regions are empty 1`] = `"<div data-view="detail" data-view-profile="detail" data-view-has-globalnavigation="false" data-view-has-pageheader="false" data-view-has-breadcrumbs="false" data-view-has-viewtoolbar="false" data-view-has-main="false" data-view-has-contextpanel="false"><div data-region-group="detail-body"><header data-region="pageHeader" data-region-required="true"></header><div data-region-group="detail-content"><main data-region="main" data-region-required="true"></main></div></div></div>"`;

exports[`Context templates > FormView > renders optional toolbar and supporting panel 1`] = `"<div data-view="form" data-view-profile="form" data-view-has-globalnavigation="true" data-view-has-pageheader="true" data-view-has-breadcrumbs="true" data-view-has-viewtoolbar="true" data-view-has-main="true" data-view-has-contextpanel="true"><nav data-region="globalNavigation" aria-label="Global navigation"><div>Shell</div></nav><div data-region-group="form-body"><nav data-region="breadcrumbs" aria-label="Breadcrumbs"><nav>Trail</nav></nav><header data-region="pageHeader" data-region-required="true"><header>Form Header</header></header><div data-region="viewToolbar" role="toolbar"><div>Save Actions</div></div><div data-region-group="form-content"><main data-region="main" data-region-required="true"><section>Form</section></main><aside data-region="contextPanel" aria-label="Context panel"><aside>Helper</aside></aside></div></div></div>"`;

exports[`Context templates > FormView > renders required slots when regions are empty 1`] = `"<div data-view="form" data-view-profile="form" data-view-has-globalnavigation="false" data-view-has-pageheader="false" data-view-has-breadcrumbs="false" data-view-has-viewtoolbar="false" data-view-has-main="false" data-view-has-contextpanel="false"><div data-region-group="form-body"><header data-region="pageHeader" data-region-required="true"></header><div data-region-group="form-content"><main data-region="main" data-region-required="true"></main></div></div></div>"`;

exports[`Context templates > InlineView > renders header row with badges when supplied 1`] = `"<div data-view="inline" data-view-profile="inline" data-view-has-globalnavigation="false" data-view-has-pageheader="true" data-view-has-breadcrumbs="false" data-view-has-viewtoolbar="true" data-view-has-main="true" data-view-has-contextpanel="false"><div data-region-group="inline-header-row"><header data-region="pageHeader"><header>Inline Header</header></header><div data-region="viewToolbar" role="toolbar"><div>Badges</div></div></div><main data-region="main" data-region-required="true"><section>Inline Content</section></main></div>"`;

exports[`Context templates > InlineView > renders required slots when regions are empty 1`] = `"<div data-view="inline" data-view-profile="inline" data-view-has-globalnavigation="false" data-view-has-pageheader="false" data-view-has-breadcrumbs="false" data-view-has-viewtoolbar="false" data-view-has-main="false" data-view-has-contextpanel="false"><main data-region="main" data-region-required="true"></main></div>"`;

exports[`Context templates > ListView > renders optional slots in deterministic order 1`] = `"<div data-view="list" data-view-profile="list" data-view-has-globalnavigation="true" data-view-has-pageheader="true" data-view-has-breadcrumbs="true" data-view-has-viewtoolbar="true" data-view-has-main="true" data-view-has-contextpanel="true"><nav data-region="globalNavigation" aria-label="Global navigation"><div>Shell</div></nav><div data-region-group="list-body"><div data-region-group="list-chrome"><nav data-region="breadcrumbs" aria-label="Breadcrumbs"><nav>Trail</nav></nav><header data-region="pageHeader" data-region-required="true"><header>List Header</header></header><div data-region="viewToolbar" data-region-required="true" role="toolbar"><div>Filters</div></div></div><div data-region-group="list-content"><main data-region="main" data-region-required="true"><section>Main Area</section></main><aside data-region="contextPanel" aria-label="Context panel"><aside>KPIs</aside></aside></div></div></div>"`;

exports[`Context templates > ListView > renders required slots when regions are empty 1`] = `"<div data-view="list" data-view-profile="list" data-view-has-globalnavigation="false" data-view-has-pageheader="false" data-view-has-breadcrumbs="false" data-view-has-viewtoolbar="false" data-view-has-main="false" data-view-has-contextpanel="false"><div data-region-group="list-body"><div data-region-group="list-chrome"><header data-region="pageHeader" data-region-required="true"></header><div data-region="viewToolbar" data-region-required="true" role="toolbar"></div></div><div data-region-group="list-content"><main data-region="main" data-region-required="true"></main></div></div></div>"`;

exports[`Context templates > TimelineView > renders meta inside main content with supporting panel 1`] = `"<div data-view="timeline" data-view-profile="timeline" data-view-has-globalnavigation="true" data-view-has-pageheader="true" data-view-has-breadcrumbs="true" data-view-has-viewtoolbar="true" data-view-has-main="true" data-view-has-contextpanel="true"><nav data-region="globalNavigation" aria-label="Global navigation"><div>Shell</div></nav><nav data-region="breadcrumbs" aria-label="Breadcrumbs"><nav>Trail</nav></nav><div data-region-group="timeline-body"><main data-region="main" data-region-required="true"><div data-region-group="timeline-meta"><header data-region="pageHeader" data-region-required="true"><header>Timeline Header</header></header><div data-region="viewToolbar" data-region-required="true" role="toolbar"><div>Feed Filters</div></div></div><div data-region-group="timeline-stream"><section>Activity Feed</section></div></main><aside data-region="contextPanel" aria-label="Context panel"><aside>Related Threads</aside></aside></div></div>"`;

exports[`Context templates > TimelineView > renders required slots when regions are empty 1`] = `"<div data-view="timeline" data-view-profile="timeline" data-view-has-globalnavigation="false" data-view-has-pageheader="false" data-view-has-breadcrumbs="false" data-view-has-viewtoolbar="false" data-view-has-main="false" data-view-has-contextpanel="false"><div data-region-group="timeline-body"><main data-region="main" data-region-required="true"><div data-region-group="timeline-meta"><header data-region="pageHeader" data-region-required="true"></header><div data-region="viewToolbar" data-region-required="true" role="toolbar"></div></div><div data-region-group="timeline-stream"></div></main></div></div>"`;
