// Vitest Snapshot v1, https://vitest.dev/guide/snapshot.html

exports[`EmptyState > snapshot > matches snapshot for a configured empty state 1`] = `
<div
  class="empty-state"
  data-intent="warning"
  data-tone="warning"
  style="--empty-state-padding: var(--cmp-spacing-inset-spacious, var(--sys-spacing-inset-xl, 2rem)); --empty-state-padding-mobile: var(--cmp-spacing-inset-default, var(--sys-spacing-inset-md, 1.5rem)); --empty-state-max-width: 36rem; --empty-state-gap: var(--cmp-spacing-stack-default, 1.5rem); --empty-state-content-gap: var(--cmp-spacing-stack-compact, 0.75rem); --empty-state-illustration-gap: var(--cmp-spacing-stack-default, 1.5rem); --empty-state-illustration-max-width: 16rem; --empty-state-icon-size: 3rem; --empty-state-icon-gap: var(--cmp-spacing-stack-compact, 1rem); --empty-state-icon-border-radius: var(--sys-shape-radius-circle, 50%); --empty-state-icon-font-size: 1.5rem; --empty-state-icon-background: var(--cmp-status-warning-surface); --empty-state-icon-foreground: var(--cmp-status-warning-text); --empty-state-icon-border: var(--cmp-status-warning-border); --empty-state-headline-color: var(--cmp-text-body, var(--sys-color-text-primary, #171717)); --empty-state-headline-font-size: var(--sys-font-size-heading-md, 1.25rem); --empty-state-headline-font-weight: var(--sys-font-weight-semibold, 600); --empty-state-headline-line-height: var(--sys-font-lineheight-heading, 1.3); --empty-state-body-color: var(--cmp-text-muted, var(--sys-color-text-secondary, #525252)); --empty-state-body-font-size: var(--sys-font-size-body-md, 0.875rem); --empty-state-body-line-height: var(--sys-font-lineheight-body, 1.5); --empty-state-actions-gap: var(--cmp-spacing-inline-sm, 0.75rem);"
>
  <div
    aria-hidden="true"
    class="empty-state__illustration"
  >
    <svg
      aria-hidden="true"
      focusable="false"
      role="presentation"
    />
  </div>
  <div
    class="empty-state__content"
  >
    <h3
      class="empty-state__headline"
    >
      Workspace empty
    </h3>
    <p
      class="empty-state__body"
    >
      Create your first record to start seeing data here.
    </p>
  </div>
  <div
    class="empty-state__actions"
  >
    <div
      class="empty-state__action empty-state__action--primary"
    >
      <button
        type="button"
      >
        Retry
      </button>
    </div>
    <div
      class="empty-state__action empty-state__action--secondary"
    >
      <button
        type="button"
      >
        Contact support
      </button>
    </div>
  </div>
</div>
`;
