// Vitest Snapshot v1, https://vitest.dev/guide/snapshot.html

exports[`User view integration > only alters the pageHeader region when Taggable trait is removed > pageHeader-with-tags 1`] = `"<div data-extension-id="stateful:page-header" data-extension-type="section" data-extension-region="pageHeader" data-extension-trait="Stateful" style="display:contents"><header class="flex flex-col gap-4 rounded-xl bg-surface-muted px-6 py-5 shadow-card dark:bg-slate-900/60"><div class="flex flex-wrap items-start justify-between gap-4"><div class="flex min-w-0 flex-col gap-2"><span class="text-sm leading-5 font-medium text-sm font-medium uppercase tracking-wide text-slate-500 dark:text-slate-300">ada.lovelace@example.com</span><h1 class="text-lg leading-7 font-semibold truncate text-foreground">Ada</h1><p class="text-base leading-6 font-normal text-sm text-slate-600 dark:text-slate-400 max-w-2xl">Computing pioneer and analytics architect.</p></div><div class="shrink-0 text-sm text-slate-500"><div class="flex flex-col text-right text-sm text-slate-500 dark:text-slate-400"><span class="text-sm leading-5 font-normal">Joined Mar 18, 2024</span><span class="text-sm leading-5 font-normal">Last updated Jun 12, 2024</span><span class="text-sm leading-5 font-normal">Profile Updated (Jun 12, 2024)</span></div></div></div></header></div><div data-extension-id="Stateful:page-header:status-chip" data-extension-type="section" data-extension-region="pageHeader" data-extension-trait="Stateful" style="display:contents"><div class="flex items-center gap-2 rounded-lg border border-slate-200/60 bg-white/60 px-3 py-2 shadow-sm dark:border-slate-800 dark:bg-slate-900/60"><span class="text-sm leading-5 font-normal text-slate-500 dark:text-slate-400">Status</span><span class="statusable-badge" style="--statusable-badge-background:var(--cmp-status-neutral-surface);--statusable-badge-border:var(--cmp-status-neutral-border);--statusable-badge-foreground:var(--cmp-status-neutral-text);--statusable-badge-icon-color:var(--cmp-status-neutral-text)" data-domain="user" data-status="active" data-tone="neutral" data-emphasis="solid" title="Status not found in registry; falling back to neutral token set."><span class="statusable-badge__label">Active</span></span></div></div><div data-extension-id="Taggable:page-header:tag-list" data-extension-type="section" data-extension-region="pageHeader" data-extension-trait="Taggable" style="display:contents"><div class="flex flex-wrap items-center gap-2 rounded-lg border border-slate-200/60 bg-white/60 px-3 py-2 shadow-sm dark:border-slate-800 dark:bg-slate-900/60"><span class="text-sm leading-5 font-normal text-slate-500 dark:text-slate-400">Tags</span><span class="statusable-badge" style="--statusable-badge-background:var(--cmp-status-neutral-surface);--statusable-badge-border:var(--cmp-status-neutral-border);--statusable-badge-foreground:var(--cmp-status-neutral-text);--statusable-badge-icon-color:var(--cmp-status-neutral-text)" data-domain="subscription" data-tone="neutral" data-emphasis="subtle"><span class="statusable-badge__label">#admin</span></span><span class="statusable-badge" style="--statusable-badge-background:var(--cmp-status-neutral-surface);--statusable-badge-border:var(--cmp-status-neutral-border);--statusable-badge-foreground:var(--cmp-status-neutral-text);--statusable-badge-icon-color:var(--cmp-status-neutral-text)" data-domain="subscription" data-tone="neutral" data-emphasis="subtle"><span class="statusable-badge__label">#beta_tester</span></span><span class="statusable-badge" style="--statusable-badge-background:var(--cmp-status-neutral-surface);--statusable-badge-border:var(--cmp-status-neutral-border);--statusable-badge-foreground:var(--cmp-status-neutral-text);--statusable-badge-icon-color:var(--cmp-status-neutral-text)" data-domain="subscription" data-tone="neutral" data-emphasis="subtle"><span class="statusable-badge__label">#vip</span></span></div></div>"`;

exports[`User view integration > only alters the pageHeader region when Taggable trait is removed > pageHeader-without-tags 1`] = `"<div data-extension-id="stateful:page-header" data-extension-type="section" data-extension-region="pageHeader" data-extension-trait="Stateful" style="display:contents"><header class="flex flex-col gap-4 rounded-xl bg-surface-muted px-6 py-5 shadow-card dark:bg-slate-900/60"><div class="flex flex-wrap items-start justify-between gap-4"><div class="flex min-w-0 flex-col gap-2"><span class="text-sm leading-5 font-medium text-sm font-medium uppercase tracking-wide text-slate-500 dark:text-slate-300">ada.lovelace@example.com</span><h1 class="text-lg leading-7 font-semibold truncate text-foreground">Ada</h1><p class="text-base leading-6 font-normal text-sm text-slate-600 dark:text-slate-400 max-w-2xl">Computing pioneer and analytics architect.</p></div><div class="shrink-0 text-sm text-slate-500"><div class="flex flex-col text-right text-sm text-slate-500 dark:text-slate-400"><span class="text-sm leading-5 font-normal">Joined Mar 18, 2024</span><span class="text-sm leading-5 font-normal">Last updated Jun 12, 2024</span><span class="text-sm leading-5 font-normal">Profile Updated (Jun 12, 2024)</span></div></div></div></header></div><div data-extension-id="Stateful:page-header:status-chip" data-extension-type="section" data-extension-region="pageHeader" data-extension-trait="Stateful" style="display:contents"><div class="flex items-center gap-2 rounded-lg border border-slate-200/60 bg-white/60 px-3 py-2 shadow-sm dark:border-slate-800 dark:bg-slate-900/60"><span class="text-sm leading-5 font-normal text-slate-500 dark:text-slate-400">Status</span><span class="statusable-badge" style="--statusable-badge-background:var(--cmp-status-neutral-surface);--statusable-badge-border:var(--cmp-status-neutral-border);--statusable-badge-foreground:var(--cmp-status-neutral-text);--statusable-badge-icon-color:var(--cmp-status-neutral-text)" data-domain="user" data-status="active" data-tone="neutral" data-emphasis="solid" title="Status not found in registry; falling back to neutral token set."><span class="statusable-badge__label">Active</span></span></div></div>"`;
